Microchip MPLAB XC8 Compiler V1.45 ()

Linker command line:

-W-3 --edf=C:\Program Files (x86)\Microchip\xc8\v1.45\dat\en_msgs.txt -cs \
  -h+dist/default/production\FinalProject.X.production.sym \
  --cmf=dist/default/production\FinalProject.X.production.cmf -z -Q18F26K22 \
  -oC:\Users\John\AppData\Local\Temp\se8o.2 \
  -Mdist/default/production/FinalProject.X.production.map -E1 -ver=XC8 \
  -ASTACK=0B0h-0f37h -pstack=STACK -ACODE=00h-0FFFFh -ACONST=00h-0FFFFh \
  -ASMALLCONST=01000h-010FFhx240 -AMEDIUMCONST=01000h-0FFFFh \
  -ACOMRAM=01h-05Fh -AABS1=00h-0F37h -ABIGRAM=01h-0F37h \
  -ARAM=060h-0FFh,0100h-01FFhx14,0F00h-0F37h -ABANK0=060h-0FFh \
  -ABANK1=0100h-01FFh -ABANK2=0200h-02FFh -ABANK3=0300h-03FFh \
  -ABANK4=0400h-04FFh -ABANK5=0500h-05FFh -ABANK6=0600h-06FFh \
  -ABANK7=0700h-07FFh -ABANK8=0800h-08FFh -ABANK9=0900h-09FFh \
  -ABANK10=0A00h-0AFFh -ABANK11=0B00h-0BFFh -ABANK12=0C00h-0CFFh \
  -ABANK13=0D00h-0DFFh -ABANK14=0E00h-0EFFh -ABANK15=0F00h-0F37h \
  -ASFR=0F38h-0F5Fh,0F60h-0FFFh \
  -preset_vec=00h,intcode=08h,intcodelo,powerup,init -pramtop=01000h \
  -psmallconst=SMALLCONST -pmediumconst=MEDIUMCONST -pconst=CONST \
  -AFARRAM=00h-00h -ACONFIG=0300000h-030000Dh -pconfig=CONFIG \
  -AIDLOC=0200000h-0200007h -pidloc=IDLOC -AEEDATA=0F00000h-0F003FFh \
  -peeprom_data=EEDATA \
  -prdata=COMRAM,nvrram=COMRAM,nvbit=COMRAM,rbss=COMRAM,rbit=COMRAM \
  -pfarbss=FARRAM,fardata=FARRAM,nvFARRAM=FARRAM \
  -pintsave_regs=BIGRAM,bigbss=BIGRAM,bigdata=BIGRAM -pbss=RAM \
  -pidata=CODE,irdata=CODE,ibigdata=CODE,ifardata=CODE -prparam=COMRAM \
  C:\Users\John\AppData\Local\Temp\se8o.obj \
  dist/default/production\FinalProject.X.production.obj 

Object code version is 3.11

Machine type is 18F26K22

Call graph: (short form)




                Name                               Link     Load   Length Selector   Space Scale
C:\Users\John\AppData\Local\Temp\se8o.obj
                init                                 E8       E8        4        4       0
                reset_vec                             0        0        4        0       0
                idloc                            200000   200000        8   200000       0
                config                           300000   300000        E   300000       0
dist/default/production\FinalProject.X.production.obj
                intcode                               8        8       E0        4       0
                temp                                 57       57        1        1       1
                mediumconst                        FC4A     FC4A      3B6     7E25       0
                text53                              E54      E54       52        4       0
                text52                             12DA     12DA       18        4       0
                text51                             11AC     11AC       28        4       0
                text50                             12C2     12C2       18        4       0
                text49                             13D0     13D0        A        4       0
                text48                              C90      C90       82        4       0
                text47                              DEE      DEE       66        4       0
                text46                             1392     1392        C        4       0
                text45                             13C6     13C6        A        4       0
                text44                              87A      87A      232        4       0
                text43                              D12      D12       74        4       0
                text42                             1184     1184       28        4       0
                text41                             12A6     12A6       1C        4       0
                text40                              F2A      F2A       42        4       0
                text39                             1158     1158       2C        4       0
                text38                             13DA     13DA        8        4       0
                text37                             1070     1070       32        4       0
                text36                              AAC      AAC      160        4       0
                text35                             11F6     11F6       20        4       0
                text34                             1234     1234       1E        4       0
                text33                              EE8      EE8       42        4       0
                text32                             112C     112C       2C        4       0
                text30                             1340     1340       10        4       0
                text29                             1386     1386        C        4       0
                text28                             128A     128A       1C        4       0
                text27                             126E     126E       1C        4       0
                text26                             1308     1308       16        4       0
                text25                             12F2     12F2       16        4       0
                text24                             13E2     13E2        4        4       0
                text23                             131E     131E       12        4       0
                text22                             10D2     10D2       2E        4       0
                text21                             13BC     13BC        A        4       0
                text20                              F6C      F6C       36        4       0
                text19                             13B2     13B2        A        4       0
                text18                             1100     1100       2C        4       0
                text17                             13A8     13A8        A        4       0
                text16                             1216     1216       1E        4       0
                text15                             1252     1252       1C        4       0
                text14                             139E     139E        A        4       0
                text13                             10A2     10A2       30        4       0
                text12                             103E     103E       32        4       0
                text11                             1330     1330       10        4       0
                text10                             137A     137A        C        4       0
                text9                              11D4     11D4       22        4       0
                text8                               C0C      C0C       84        4       0
                text7                               D86      D86       68        4       0
                text6                              136C     136C        E        4       0
                text5                              135E     135E        E        4       0
                text4                               638      638      242        4       0
                text3                              100A     100A       34        4       0
                text2                               FD6      FD6       34        4       0
                text1                               FA2      FA2       34        4       0
                text0                                EC       EC      54C        4       0
                cstackCOMRAM                          1        1       40        1       1
                cstackBANK0                          60       60       36       60       1
                dataBANK0                            96       96        E       60       1
                bssBANK0                             A4       A4        C       60       1
                bssCOMRAM                            41       41       16        1       1
                cinit                               EA6      EA6       42        4       0
                idataBANK0                         1350     1350        E        4       0

TOTAL           Name                               Link     Load   Length     Space
        CLASS   STACK          

        CLASS   CODE           
                intcode                               8        8       E0         0
                init                                 E8       E8        4         0
                reset_vec                             0        0        4         0
                text53                              E54      E54       52         0
                text52                             12DA     12DA       18         0
                text51                             11AC     11AC       28         0
                text50                             12C2     12C2       18         0
                text49                             13D0     13D0        A         0
                text48                              C90      C90       82         0
                text47                              DEE      DEE       66         0
                text46                             1392     1392        C         0
                text45                             13C6     13C6        A         0
                text44                              87A      87A      232         0
                text43                              D12      D12       74         0
                text42                             1184     1184       28         0
                text41                             12A6     12A6       1C         0
                text40                              F2A      F2A       42         0
                text39                             1158     1158       2C         0
                text38                             13DA     13DA        8         0
                text37                             1070     1070       32         0
                text36                              AAC      AAC      160         0
                text35                             11F6     11F6       20         0
                text34                             1234     1234       1E         0
                text33                              EE8      EE8       42         0
                text32                             112C     112C       2C         0
                text30                             1340     1340       10         0
                text29                             1386     1386        C         0
                text28                             128A     128A       1C         0
                text27                             126E     126E       1C         0
                text26                             1308     1308       16         0
                text25                             12F2     12F2       16         0
                text24                             13E2     13E2        4         0
                text23                             131E     131E       12         0
                text22                             10D2     10D2       2E         0
                text21                             13BC     13BC        A         0
                text20                              F6C      F6C       36         0
                text19                             13B2     13B2        A         0
                text18                             1100     1100       2C         0
                text17                             13A8     13A8        A         0
                text16                             1216     1216       1E         0
                text15                             1252     1252       1C         0
                text14                             139E     139E        A         0
                text13                             10A2     10A2       30         0
                text12                             103E     103E       32         0
                text11                             1330     1330       10         0
                text10                             137A     137A        C         0
                text9                              11D4     11D4       22         0
                text8                               C0C      C0C       84         0
                text7                               D86      D86       68         0
                text6                              136C     136C        E         0
                text5                              135E     135E        E         0
                text4                               638      638      242         0
                text3                              100A     100A       34         0
                text2                               FD6      FD6       34         0
                text1                               FA2      FA2       34         0
                text0                                EC       EC      54C         0
                cinit                               EA6      EA6       42         0
                idataBANK0                         1350     1350        E         0

        CLASS   CONST          

        CLASS   SMALLCONST     

        CLASS   MEDIUMCONST    
                mediumconst                        FC4A     FC4A      3B6         0

        CLASS   COMRAM         
                temp                                 57       57        1         1
                cstackCOMRAM                          1        1       40         1
                bssCOMRAM                            41       41       16         1

        CLASS   ABS1           

        CLASS   BIGRAM         

        CLASS   RAM            

        CLASS   BANK0          
                cstackBANK0                          60       60       36         1
                dataBANK0                            96       96        E         1
                bssBANK0                             A4       A4        C         1

        CLASS   BANK1          

        CLASS   BANK2          

        CLASS   BANK3          

        CLASS   BANK4          

        CLASS   BANK5          

        CLASS   BANK6          

        CLASS   BANK7          

        CLASS   BANK8          

        CLASS   BANK9          

        CLASS   BANK10         

        CLASS   BANK11         

        CLASS   BANK12         

        CLASS   BANK13         

        CLASS   BANK14         

        CLASS   BANK15         

        CLASS   SFR            

        CLASS   FARRAM         

        CLASS   CONFIG         
                config                           300000   300000        E         0

        CLASS   IDLOC          
                idloc                            200000   200000        8         0

        CLASS   EEDATA         



SEGMENTS        Name                           Load    Length   Top    Selector   Space  Class

                reset_vec                      000000  000004  000004         0       0  CODE    
                cstackCOMRAM                   000001  000057  000058         1       1  COMRAM  
                intcode                        000008  0013DE  0013E6         4       0  CODE    
                cstackBANK0                    000060  000050  0000B0        60       1  BANK0   
                mediumconst                    00FC4A  0003B6  010000      7E25       0  MEDIUMCO
                idloc                          200000  000008  200008    200000       0  IDLOC   
                config                         300000  00000E  30000E    300000       0  CONFIG  


UNUSED ADDRESS RANGES

        Name                Unused          Largest block    Delta
        BANK0            0000B0-0000FF               50
        BANK1            000100-0001FF              100
        BANK10           000A00-000AFF              100
        BANK11           000B00-000BFF              100
        BANK12           000C00-000CFF              100
        BANK13           000D00-000DFF              100
        BANK14           000E00-000EFF              100
        BANK15           000F00-000F37               38
        BANK2            000200-0002FF              100
        BANK3            000300-0003FF              100
        BANK4            000400-0004FF              100
        BANK5            000500-0005FF              100
        BANK6            000600-0006FF              100
        BANK7            000700-0007FF              100
        BANK8            000800-0008FF              100
        BANK9            000900-0009FF              100
        BIGRAM           000058-00005F                8
                         0000B0-000F37              E88
        CODE             000004-000007                4
                         0013E6-00FC49             E864
        COMRAM           000058-00005F                8
        CONST            000004-000007                4
                         0013E6-00FC49             E864
        EEDATA           F00000-F003FF              400
        MEDIUMCONST      0013E6-00FC49             E864
        RAM              0000B0-000F37              100
        SFR              000F38-000FFF               28
        SMALLCONST       0013E6-00FC49              100
        STACK            0000B0-000F37              E88

                                  Symbol Table

?___lldiv                                 cstackBANK0  000060
?___llmod                                 cstackBANK0  00006D
?_parseInt                                cstackBANK0  000060
?_printf                                  cstackBANK0  000076
?i2___lldiv                               cstackCOMRAM 000001
?i2___llmod                               cstackCOMRAM 00000E
?i2_printf                                cstackCOMRAM 000017
CCP4_CallBack@capturedValue               cstackCOMRAM 000001
CCP4_CaptureISR@module                    cstackCOMRAM 000003
CCP5_CallBack@capturedValue               cstackCOMRAM 000001
CCP5_CaptureISR@module                    cstackCOMRAM 000003
EUSART2_Write@txData                      cstackBANK0  000060
TMR0_DefaultInterruptHandler@pulseHigh    bssCOMRAM    000053
TMR0_SetInterruptHandler@InterruptHandler cstackBANK0  000060
TMR0_WriteTimer@timerVal                  cstackCOMRAM 000001
TMR1_DefaultInterruptHandler@pulseHigh    bssCOMRAM    000052
TMR1_SetInterruptHandler@InterruptHandler cstackBANK0  000060
TMR1_WriteTimer@timerVal                  cstackCOMRAM 000001
TMR2_DefaultInterruptHandler@error        cstackCOMRAM 000007
TMR2_SetInterruptHandler@InterruptHandler cstackBANK0  000060
TMR2_WriteTimer@timerVal                  cstackCOMRAM 000001
TMR5_DefaultInterruptHandler@pulseHigh    bssCOMRAM    000051
TMR5_SetInterruptHandler@InterruptHandler cstackBANK0  000060
TMR5_WriteTimer@timerVal                  cstackCOMRAM 000001
_ANSELA                                   (abs)        000F38
_ANSELB                                   (abs)        000F39
_ANSELC                                   (abs)        000F3A
_BAUDCON1                                 (abs)        000FB8
_BAUDCON2                                 (abs)        000F70
_CCP4CON                                  (abs)        000F57
_CCP4CONbits                              (abs)        000F57
_CCP4_CallBack                            text53       000E54
_CCP4_CaptureISR                          text52       0012DA
_CCP4_Initialize                          text28       00128A
_CCP5CON                                  (abs)        000F54
_CCP5CONbits                              (abs)        000F54
_CCP5_CallBack                            text51       0011AC
_CCP5_CaptureISR                          text50       0012C2
_CCP5_Initialize                          text27       00126E
_CCPR4H                                   (abs)        000F59
_CCPR4L                                   (abs)        000F58
_CCPR5H                                   (abs)        000F56
_CCPR5L                                   (abs)        000F55
_CCPTMRS1bits                             (abs)        000F48
_EUSART1_Initialize                       text26       001308
_EUSART1_Read                             text11       001330
_EUSART1_is_rx_ready                      text10       00137A
_EUSART2_Initialize                       text25       0012F2
_EUSART2_Read                             text30       001340
_EUSART2_Write                            text6        00136C
_EUSART2_is_rx_ready                      text29       001386
_INTCON2bits                              (abs)        000FF1
_INTCONbits                               (abs)        000FF2
_INTERRUPT_Initialize                     text24       0013E2
_INTERRUPT_InterruptManager               intcode      000008
_LATA                                     (abs)        000F89
_LATAbits                                 (abs)        000F89
_LATB                                     (abs)        000F8A
_LATC                                     (abs)        000F8B
_OSCCON                                   (abs)        000FD3
_OSCCON2                                  (abs)        000FD2
_OSCILLATOR_Initialize                    text23       00131E
_OSCTUNE                                  (abs)        000F9B
_PIE1bits                                 (abs)        000F9D
_PIE4bits                                 (abs)        000F7A
_PIE5bits                                 (abs)        000F7D
_PIN_MANAGER_Initialize                   text22       0010D2
_PIR1bits                                 (abs)        000F9E
_PIR2bits                                 (abs)        000FA1
_PIR3bits                                 (abs)        000FA4
_PIR4bits                                 (abs)        000F7B
_PIR5bits                                 (abs)        000F7E
_PLLRDY                                   (abs)        007E97
_PR2                                      (abs)        000FBB
_RCONbits                                 (abs)        000FD0
_RCREG1                                   (abs)        000FAE
_RCREG2                                   (abs)        000F74
_RCSTA1                                   (abs)        000FAB
_RCSTA1bits                               (abs)        000FAB
_RCSTA2                                   (abs)        000F71
_RCSTA2bits                               (abs)        000F71
_SPBRG1                                   (abs)        000FAF
_SPBRG2                                   (abs)        000F75
_SPBRGH1                                  (abs)        000FB0
_SPBRGH2                                  (abs)        000F76
_SYSTEM_Initialize                        text12       00103E
_T0CON                                    (abs)        000FD5
_T0CONbits                                (abs)        000FD5
_T1CON                                    (abs)        000FCD
_T1CONbits                                (abs)        000FCD
_T1GCON                                   (abs)        000FCC
_T1GCONbits                               (abs)        000FCC
_T2CON                                    (abs)        000FBA
_T2CONbits                                (abs)        000FBA
_T3CON                                    (abs)        000FB1
_T3CONbits                                (abs)        000FB1
_T3GCON                                   (abs)        000FB4
_T3GCONbits                               (abs)        000FB4
_T5CON                                    (abs)        000F4E
_T5CONbits                                (abs)        000F4E
_T5GCON                                   (abs)        000F4D
_T5GCONbits                               (abs)        000F4D
_TMR0H                                    (abs)        000FD7
_TMR0L                                    (abs)        000FD6
_TMR0_DefaultInterruptHandler             text43       000D12
_TMR0_ISR                                 text42       001184
_TMR0_Initialize                          text20       000F6C
_TMR0_InterruptHandler                    bssCOMRAM    00004F
_TMR0_SetInterruptHandler                 text21       0013BC
_TMR0_WriteTimer                          text49       0013D0
_TMR1                                     (abs)        000FCE
_TMR1H                                    (abs)        000FCF
_TMR1L                                    (abs)        000FCE
_TMR1_DefaultInterruptHandler             text40       000F2A
_TMR1_ISR                                 text39       001158
_TMR1_Initialize                          text18       001100
_TMR1_InterruptHandler                    bssCOMRAM    000047
_TMR1_SetInterruptHandler                 text19       0013B2
_TMR1_WriteTimer                          text41       0012A6
_TMR2                                     (abs)        000FBC
_TMR2_DefaultInterruptHandler             text36       000AAC
_TMR2_ISR                                 text35       0011F6
_TMR2_Initialize                          text16       001216
_TMR2_InterruptHandler                    bssCOMRAM    000041
_TMR2_SetInterruptHandler                 text17       0013A8
_TMR2_WriteTimer                          text38       0013DA
_TMR3                                     (abs)        000FB2
_TMR3H                                    (abs)        000FB3
_TMR3L                                    (abs)        000FB2
_TMR3_Initialize                          text15       001252
_TMR5                                     (abs)        000F4F
_TMR5H                                    (abs)        000F50
_TMR5L                                    (abs)        000F4F
_TMR5_DefaultInterruptHandler             text33       000EE8
_TMR5_ISR                                 text32       00112C
_TMR5_Initialize                          text13       0010A2
_TMR5_InterruptHandler                    bssCOMRAM    000043
_TMR5_SetInterruptHandler                 text14       00139E
_TMR5_WriteTimer                          text34       001234
_TRISA                                    (abs)        000F92
_TRISB                                    (abs)        000F93
_TRISC                                    (abs)        000F94
_TXREG1                                   (abs)        000FAD
_TXREG2                                   (abs)        000F73
_TXSTA1                                   (abs)        000FAC
_TXSTA1bits                               (abs)        000FAC
_TXSTA2                                   (abs)        000F72
_TXSTA2bits                               (abs)        000F72
_WPUB                                     (abs)        000F61
__CFG_BOREN$SBORDIS                       (abs)        000000
__CFG_BORV$190                            (abs)        000000
__CFG_CCP2MX$PORTC1                       (abs)        000000
__CFG_CCP3MX$PORTB5                       (abs)        000000
__CFG_CP0$OFF                             (abs)        000000
__CFG_CP1$OFF                             (abs)        000000
__CFG_CP2$OFF                             (abs)        000000
__CFG_CP3$OFF                             (abs)        000000
__CFG_CPB$OFF                             (abs)        000000
__CFG_CPD$OFF                             (abs)        000000
__CFG_DEBUG$OFF                           (abs)        000000
__CFG_EBTR0$OFF                           (abs)        000000
__CFG_EBTR1$OFF                           (abs)        000000
__CFG_EBTR2$OFF                           (abs)        000000
__CFG_EBTR3$OFF                           (abs)        000000
__CFG_EBTRB$OFF                           (abs)        000000
__CFG_FCMEN$OFF                           (abs)        000000
__CFG_FOSC$INTIO67                        (abs)        000000
__CFG_HFOFST$ON                           (abs)        000000
__CFG_IESO$OFF                            (abs)        000000
__CFG_LVP$ON                              (abs)        000000
__CFG_MCLRE$EXTMCLR                       (abs)        000000
__CFG_P2BMX$PORTB5                        (abs)        000000
__CFG_PBADEN$ON                           (abs)        000000
__CFG_PLLCFG$OFF                          (abs)        000000
__CFG_PRICLKEN$ON                         (abs)        000000
__CFG_PWRTEN$OFF                          (abs)        000000
__CFG_STVREN$ON                           (abs)        000000
__CFG_T3CMX$PORTC0                        (abs)        000000
__CFG_WDTEN$OFF                           (abs)        000000
__CFG_WDTPS$32768                         (abs)        000000
__CFG_WRT0$OFF                            (abs)        000000
__CFG_WRT1$OFF                            (abs)        000000
__CFG_WRT2$OFF                            (abs)        000000
__CFG_WRT3$OFF                            (abs)        000000
__CFG_WRTB$OFF                            (abs)        000000
__CFG_WRTC$OFF                            (abs)        000000
__CFG_WRTD$OFF                            (abs)        000000
__CFG_XINST$OFF                           (abs)        000000
__HRAM                                    (abs)        000000
__Habs1                                   abs1         000000
__Hbank0                                  bank0        000000
__Hbank1                                  bank1        000000
__Hbank10                                 bank10       000000
__Hbank11                                 bank11       000000
__Hbank12                                 bank12       000000
__Hbank13                                 bank13       000000
__Hbank14                                 bank14       000000
__Hbank15                                 bank15       000000
__Hbank2                                  bank2        000000
__Hbank3                                  bank3        000000
__Hbank4                                  bank4        000000
__Hbank5                                  bank5        000000
__Hbank6                                  bank6        000000
__Hbank7                                  bank7        000000
__Hbank8                                  bank8        000000
__Hbank9                                  bank9        000000
__Hbigbss                                 bigbss       000000
__Hbigdata                                bigdata      000000
__Hbigram                                 bigram       000000
__Hbss                                    bss          000000
__HbssBANK0                               bssBANK0     000000
__HbssCOMRAM                              bssCOMRAM    000000
__Hcinit                                  cinit        000000
__Hclrtext                                clrtext      000000
__Hcomram                                 comram       000000
__Hconfig                                 config       30000E
__Hconst                                  const        000000
__HcstackBANK0                            cstackBANK0  000000
__HcstackCOMRAM                           cstackCOMRAM 000000
__Hdata                                   data         000000
__HdataBANK0                              dataBANK0    000000
__Heeprom_data                            eeprom_data  000000
__Hfarbss                                 farbss       000000
__Hfardata                                fardata      000000
__Hibigdata                               ibigdata     000000
__Hidata                                  idata        000000
__HidataBANK0                             idataBANK0   000000
__Hidloc                                  idloc        200008
__Hifardata                               ifardata     000000
__Hinit                                   init         0000EC
__Hintcode                                intcode      0000E8
__Hintcode_body                           intcode_body 000000
__Hintcodelo                              intcodelo    0000E8
__Hintentry                               intentry     000000
__Hintret                                 intret       000000
__Hintsave_regs                           intsave_regs 000000
__Hirdata                                 irdata       000000
__Hmediumconst                            mediumconst  010000
__HnvFARRAM                               nvFARRAM     000000
__Hnvbit                                  nvbit        000000
__Hnvrram                                 nvrram       000000
__Hparam                                  rparam       000000
__Hpowerup                                powerup      0000E8
__Hram                                    ram          000000
__Hramtop                                 ramtop       001000
__Hrbit                                   rbit         000000
__Hrbss                                   rbss         000000
__Hrdata                                  rdata        000000
__Hreset_vec                              reset_vec    000004
__Hrparam                                 rparam       000000
__Hsfr                                    sfr          000000
__Hsmallconst                             smallconst   000000
__Hspace_0                                (abs)        30000E
__Hspace_1                                (abs)        0000B0
__Hspace_2                                (abs)        000000
__Hstack                                  stack        000000
__Hstruct                                 struct       000000
__Htemp                                   temp         000058
__Htext                                   text         000000
__Htext0                                  text0        000000
__Htext1                                  text1        000000
__Htext10                                 text10       000000
__Htext11                                 text11       000000
__Htext12                                 text12       000000
__Htext13                                 text13       000000
__Htext14                                 text14       000000
__Htext15                                 text15       000000
__Htext16                                 text16       000000
__Htext17                                 text17       000000
__Htext18                                 text18       000000
__Htext19                                 text19       000000
__Htext2                                  text2        000000
__Htext20                                 text20       000000
__Htext21                                 text21       000000
__Htext22                                 text22       000000
__Htext23                                 text23       000000
__Htext24                                 text24       000000
__Htext25                                 text25       000000
__Htext26                                 text26       000000
__Htext27                                 text27       000000
__Htext28                                 text28       000000
__Htext29                                 text29       000000
__Htext3                                  text3        000000
__Htext30                                 text30       000000
__Htext32                                 text32       000000
__Htext33                                 text33       000000
__Htext34                                 text34       000000
__Htext35                                 text35       000000
__Htext36                                 text36       000000
__Htext37                                 text37       000000
__Htext38                                 text38       000000
__Htext39                                 text39       000000
__Htext4                                  text4        000000
__Htext40                                 text40       000000
__Htext41                                 text41       000000
__Htext42                                 text42       000000
__Htext43                                 text43       000000
__Htext44                                 text44       000000
__Htext45                                 text45       000000
__Htext46                                 text46       000000
__Htext47                                 text47       000000
__Htext48                                 text48       000000
__Htext49                                 text49       000000
__Htext5                                  text5        000000
__Htext50                                 text50       000000
__Htext51                                 text51       000000
__Htext52                                 text52       000000
__Htext53                                 text53       000000
__Htext54                                 text54       000000
__Htext6                                  text6        000000
__Htext7                                  text7        000000
__Htext8                                  text8        000000
__Htext9                                  text9        000000
__LRAM                                    (abs)        000001
__Labs1                                   abs1         000000
__Lbank0                                  bank0        000000
__Lbank1                                  bank1        000000
__Lbank10                                 bank10       000000
__Lbank11                                 bank11       000000
__Lbank12                                 bank12       000000
__Lbank13                                 bank13       000000
__Lbank14                                 bank14       000000
__Lbank15                                 bank15       000000
__Lbank2                                  bank2        000000
__Lbank3                                  bank3        000000
__Lbank4                                  bank4        000000
__Lbank5                                  bank5        000000
__Lbank6                                  bank6        000000
__Lbank7                                  bank7        000000
__Lbank8                                  bank8        000000
__Lbank9                                  bank9        000000
__Lbigbss                                 bigbss       000000
__Lbigdata                                bigdata      000000
__Lbigram                                 bigram       000000
__Lbss                                    bss          000000
__LbssBANK0                               bssBANK0     000000
__LbssCOMRAM                              bssCOMRAM    000000
__Lcinit                                  cinit        000000
__Lclrtext                                clrtext      000000
__Lcomram                                 comram       000000
__Lconfig                                 config       300000
__Lconst                                  const        000000
__LcstackBANK0                            cstackBANK0  000000
__LcstackCOMRAM                           cstackCOMRAM 000000
__Ldata                                   data         000000
__LdataBANK0                              dataBANK0    000000
__Leeprom_data                            eeprom_data  000000
__Lfarbss                                 farbss       000000
__Lfardata                                fardata      000000
__Libigdata                               ibigdata     000000
__Lidata                                  idata        000000
__LidataBANK0                             idataBANK0   000000
__Lidloc                                  idloc        200000
__Lifardata                               ifardata     000000
__Linit                                   init         0000E8
__Lintcode                                intcode      000008
__Lintcode_body                           intcode_body 000000
__Lintcodelo                              intcodelo    0000E8
__Lintentry                               intentry     000000
__Lintret                                 intret       000000
__Lintsave_regs                           intsave_regs 000000
__Lirdata                                 irdata       000000
__Lmediumconst                            mediumconst  00FC4A
__LnvFARRAM                               nvFARRAM     000000
__Lnvbit                                  nvbit        000000
__Lnvrram                                 nvrram       000000
__Lparam                                  rparam       000000
__Lpowerup                                powerup      0000E8
__Lram                                    ram          000000
__Lramtop                                 ramtop       001000
__Lrbit                                   rbit         000000
__Lrbss                                   rbss         000000
__Lrdata                                  rdata        000000
__Lreset_vec                              reset_vec    000000
__Lrparam                                 rparam       000000
__Lsfr                                    sfr          000000
__Lsmallconst                             smallconst   000000
__Lspace_0                                (abs)        000000
__Lspace_1                                (abs)        000000
__Lspace_2                                (abs)        000000
__Lstack                                  stack        000000
__Lstruct                                 struct       000000
__Ltemp                                   temp         000057
__Ltext                                   text         000000
__Ltext0                                  text0        000000
__Ltext1                                  text1        000000
__Ltext10                                 text10       000000
__Ltext11                                 text11       000000
__Ltext12                                 text12       000000
__Ltext13                                 text13       000000
__Ltext14                                 text14       000000
__Ltext15                                 text15       000000
__Ltext16                                 text16       000000
__Ltext17                                 text17       000000
__Ltext18                                 text18       000000
__Ltext19                                 text19       000000
__Ltext2                                  text2        000000
__Ltext20                                 text20       000000
__Ltext21                                 text21       000000
__Ltext22                                 text22       000000
__Ltext23                                 text23       000000
__Ltext24                                 text24       000000
__Ltext25                                 text25       000000
__Ltext26                                 text26       000000
__Ltext27                                 text27       000000
__Ltext28                                 text28       000000
__Ltext29                                 text29       000000
__Ltext3                                  text3        000000
__Ltext30                                 text30       000000
__Ltext32                                 text32       000000
__Ltext33                                 text33       000000
__Ltext34                                 text34       000000
__Ltext35                                 text35       000000
__Ltext36                                 text36       000000
__Ltext37                                 text37       000000
__Ltext38                                 text38       000000
__Ltext39                                 text39       000000
__Ltext4                                  text4        000000
__Ltext40                                 text40       000000
__Ltext41                                 text41       000000
__Ltext42                                 text42       000000
__Ltext43                                 text43       000000
__Ltext44                                 text44       000000
__Ltext45                                 text45       000000
__Ltext46                                 text46       000000
__Ltext47                                 text47       000000
__Ltext48                                 text48       000000
__Ltext49                                 text49       000000
__Ltext5                                  text5        000000
__Ltext50                                 text50       000000
__Ltext51                                 text51       000000
__Ltext52                                 text52       000000
__Ltext53                                 text53       000000
__Ltext54                                 text54       000000
__Ltext6                                  text6        000000
__Ltext7                                  text7        000000
__Ltext8                                  text8        000000
__Ltext9                                  text9        000000
__S0                                      (abs)        30000E
__S1                                      (abs)        0000B0
__S2                                      (abs)        000000
___inthi_sp                               stack        000000
___intlo_sp                               stack        000000
___lldiv                                  text8        000C0C
___lldiv@counter                          cstackBANK0  00006C
___lldiv@dividend                         cstackBANK0  000060
___lldiv@divisor                          cstackBANK0  000064
___lldiv@quotient                         cstackBANK0  000068
___llmod                                  text7        000D86
___llmod@counter                          cstackBANK0  000075
___llmod@dividend                         cstackBANK0  00006D
___llmod@divisor                          cstackBANK0  000071
___param_bank                             (abs)        000000
___rparam_used                            (abs)        000001
___sp                                     stack        000000
__accesstop                               (abs)        000060
__activetblptr                            (abs)        000003
__end_of_CCP4_CallBack                    text53       000EA6
__end_of_CCP4_CaptureISR                  text52       0012F2
__end_of_CCP4_Initialize                  text28       0012A6
__end_of_CCP5_CallBack                    text51       0011D4
__end_of_CCP5_CaptureISR                  text50       0012DA
__end_of_CCP5_Initialize                  text27       00128A
__end_of_EUSART1_Initialize               text26       00131E
__end_of_EUSART1_Read                     text11       001340
__end_of_EUSART1_is_rx_ready              text10       001386
__end_of_EUSART2_Initialize               text25       001308
__end_of_EUSART2_Read                     text30       001350
__end_of_EUSART2_Write                    text6        00137A
__end_of_EUSART2_is_rx_ready              text29       001392
__end_of_INTERRUPT_Initialize             text24       0013E6
__end_of_INTERRUPT_InterruptManager       intcode      0000E8
__end_of_OSCILLATOR_Initialize            text23       001330
__end_of_PIN_MANAGER_Initialize           text22       001100
__end_of_SYSTEM_Initialize                text12       001070
__end_of_TMR0_DefaultInterruptHandler     text43       000D86
__end_of_TMR0_ISR                         text42       0011AC
__end_of_TMR0_Initialize                  text20       000FA2
__end_of_TMR0_SetInterruptHandler         text21       0013C6
__end_of_TMR0_WriteTimer                  text49       0013DA
__end_of_TMR1_DefaultInterruptHandler     text40       000F6C
__end_of_TMR1_ISR                         text39       001184
__end_of_TMR1_Initialize                  text18       00112C
__end_of_TMR1_SetInterruptHandler         text19       0013BC
__end_of_TMR1_WriteTimer                  text41       0012C2
__end_of_TMR2_DefaultInterruptHandler     text36       000C0C
__end_of_TMR2_ISR                         text35       001216
__end_of_TMR2_Initialize                  text16       001234
__end_of_TMR2_SetInterruptHandler         text17       0013B2
__end_of_TMR2_WriteTimer                  text38       0013E2
__end_of_TMR3_Initialize                  text15       00126E
__end_of_TMR5_DefaultInterruptHandler     text33       000F2A
__end_of_TMR5_ISR                         text32       001158
__end_of_TMR5_Initialize                  text13       0010D2
__end_of_TMR5_SetInterruptHandler         text14       0013A8
__end_of_TMR5_WriteTimer                  text34       001252
__end_of___lldiv                          text8        000C90
__end_of___llmod                          text7        000DEE
__end_of__initialization                  cinit        000EDE
__end_of_dpowers                          mediumconst  00FC73
__end_of_main                             text0        000638
__end_of_parseInt                         text9        0011F6
__end_of_printf                           text4        00087A
__end_of_putch                            text5        00136C
__end_of_setMotorSpeed                    text3        00103E
__end_of_setPitchServo                    text2        00100A
__end_of_setYawServo                      text1        000FD6
__end_ofi2_EUSART2_Write                  text46       00139E
__end_ofi2___lldiv                        text48       000D12
__end_ofi2___llmod                        text47       000E54
__end_ofi2_printf                         text44       000AAC
__end_ofi2_putch                          text45       0013D0
__end_ofi2_setMotorSpeed                  text37       0010A2
__initialization                          cinit        000EA6
__mediumconst                             mediumconst  00FC4A
__pbssBANK0                               bssBANK0     0000A4
__pbssCOMRAM                              bssCOMRAM    000041
__pcinit                                  cinit        000EA6
__pcstackBANK0                            cstackBANK0  000060
__pcstackCOMRAM                           cstackCOMRAM 000001
__pdataBANK0                              dataBANK0    000096
__pidataBANK0                             idataBANK0   001350
__pintcode                                intcode      000008
__pmediumconst                            mediumconst  00FC4A
__ptext0                                  text0        0000EC
__ptext1                                  text1        000FA2
__ptext10                                 text10       00137A
__ptext11                                 text11       001330
__ptext12                                 text12       00103E
__ptext13                                 text13       0010A2
__ptext14                                 text14       00139E
__ptext15                                 text15       001252
__ptext16                                 text16       001216
__ptext17                                 text17       0013A8
__ptext18                                 text18       001100
__ptext19                                 text19       0013B2
__ptext2                                  text2        000FD6
__ptext20                                 text20       000F6C
__ptext21                                 text21       0013BC
__ptext22                                 text22       0010D2
__ptext23                                 text23       00131E
__ptext24                                 text24       0013E2
__ptext25                                 text25       0012F2
__ptext26                                 text26       001308
__ptext27                                 text27       00126E
__ptext28                                 text28       00128A
__ptext29                                 text29       001386
__ptext3                                  text3        00100A
__ptext30                                 text30       001340
__ptext32                                 text32       00112C
__ptext33                                 text33       000EE8
__ptext34                                 text34       001234
__ptext35                                 text35       0011F6
__ptext36                                 text36       000AAC
__ptext37                                 text37       001070
__ptext38                                 text38       0013DA
__ptext39                                 text39       001158
__ptext4                                  text4        000638
__ptext40                                 text40       000F2A
__ptext41                                 text41       0012A6
__ptext42                                 text42       001184
__ptext43                                 text43       000D12
__ptext44                                 text44       00087A
__ptext45                                 text45       0013C6
__ptext46                                 text46       001392
__ptext47                                 text47       000DEE
__ptext48                                 text48       000C90
__ptext49                                 text49       0013D0
__ptext5                                  text5        00135E
__ptext50                                 text50       0012C2
__ptext51                                 text51       0011AC
__ptext52                                 text52       0012DA
__ptext53                                 text53       000E54
__ptext54                                 text54       000000
__ptext6                                  text6        00136C
__ptext7                                  text7        000D86
__ptext8                                  text8        000C0C
__ptext9                                  text9        0011D4
__ramtop                                  ramtop       001000
__size_of_CCP4_CallBack                   (abs)        000000
__size_of_CCP4_CaptureISR                 (abs)        000000
__size_of_CCP4_Initialize                 (abs)        000000
__size_of_CCP5_CallBack                   (abs)        000000
__size_of_CCP5_CaptureISR                 (abs)        000000
__size_of_CCP5_Initialize                 (abs)        000000
__size_of_EUSART1_Initialize              (abs)        000000
__size_of_EUSART1_Read                    (abs)        000000
__size_of_EUSART1_is_rx_ready             (abs)        000000
__size_of_EUSART2_Initialize              (abs)        000000
__size_of_EUSART2_Read                    (abs)        000000
__size_of_EUSART2_Write                   (abs)        000000
__size_of_EUSART2_is_rx_ready             (abs)        000000
__size_of_INTERRUPT_Initialize            (abs)        000000
__size_of_INTERRUPT_InterruptManager      (abs)        000000
__size_of_OSCILLATOR_Initialize           (abs)        000000
__size_of_PIN_MANAGER_Initialize          (abs)        000000
__size_of_SYSTEM_Initialize               (abs)        000000
__size_of_TMR0_DefaultInterruptHandler    (abs)        000000
__size_of_TMR0_ISR                        (abs)        000000
__size_of_TMR0_Initialize                 (abs)        000000
__size_of_TMR0_SetInterruptHandler        (abs)        000000
__size_of_TMR0_WriteTimer                 (abs)        000000
__size_of_TMR1_DefaultInterruptHandler    (abs)        000000
__size_of_TMR1_ISR                        (abs)        000000
__size_of_TMR1_Initialize                 (abs)        000000
__size_of_TMR1_SetInterruptHandler        (abs)        000000
__size_of_TMR1_WriteTimer                 (abs)        000000
__size_of_TMR2_DefaultInterruptHandler    (abs)        000000
__size_of_TMR2_ISR                        (abs)        000000
__size_of_TMR2_Initialize                 (abs)        000000
__size_of_TMR2_SetInterruptHandler        (abs)        000000
__size_of_TMR2_WriteTimer                 (abs)        000000
__size_of_TMR3_Initialize                 (abs)        000000
__size_of_TMR5_DefaultInterruptHandler    (abs)        000000
__size_of_TMR5_ISR                        (abs)        000000
__size_of_TMR5_Initialize                 (abs)        000000
__size_of_TMR5_SetInterruptHandler        (abs)        000000
__size_of_TMR5_WriteTimer                 (abs)        000000
__size_of___lldiv                         (abs)        000000
__size_of___llmod                         (abs)        000000
__size_of_main                            (abs)        000000
__size_of_parseInt                        (abs)        000000
__size_of_printf                          (abs)        000000
__size_of_putch                           (abs)        000000
__size_of_setMotorSpeed                   (abs)        000000
__size_of_setPitchServo                   (abs)        000000
__size_of_setYawServo                     (abs)        000000
__size_ofi2_EUSART2_Write                 (abs)        000000
__size_ofi2___lldiv                       (abs)        000000
__size_ofi2___llmod                       (abs)        000000
__size_ofi2_printf                        (abs)        000000
__size_ofi2_putch                         (abs)        000000
__size_ofi2_setMotorSpeed                 (abs)        000000
__smallconst                              smallconst   000000
_dpowers                                  mediumconst  00FC4B
_encoderA                                 bssCOMRAM    000055
_encoderB                                 bssCOMRAM    000054
_encoderPosition                          bssBANK0     0000A8
_home                                     bssBANK0     0000A4
_leftLimit                                dataBANK0    00009A
_main                                     text0        0000EC
_motorControlMode                         bssCOMRAM    000056
_motorSetPoint                            bssBANK0     0000AC
_motorSpeed                               dataBANK0    00009E
_parseInt                                 text9        0011D4
_pitchPosition                            dataBANK0    0000A0
_printf                                   text4        000638
_putch                                    text5        00135E
_rightLimit                               dataBANK0    000096
_setMotorSpeed                            text3        00100A
_setPitchServo                            text2        000FD6
_setYawServo                              text1        000FA2
_timer0ReloadVal                          bssCOMRAM    00004D
_timer1ReloadVal                          bssCOMRAM    000049
_timer3ReloadVal                          bssCOMRAM    00004B
_timer5ReloadVal                          bssCOMRAM    000045
_yawPosition                              dataBANK0    0000A2
btemp                                     temp         000057
end_of_initialization                     cinit        000EDE
i2EUSART2_Write@txData                    cstackCOMRAM 000001
i2_EUSART2_Write                          text46       001392
i2___lldiv                                text48       000C90
i2___lldiv@counter                        cstackCOMRAM 00000D
i2___lldiv@dividend                       cstackCOMRAM 000001
i2___lldiv@divisor                        cstackCOMRAM 000005
i2___lldiv@quotient                       cstackCOMRAM 000009
i2___llmod                                text47       000DEE
i2___llmod@counter                        cstackCOMRAM 000016
i2___llmod@dividend                       cstackCOMRAM 00000E
i2___llmod@divisor                        cstackCOMRAM 000012
i2_printf                                 text44       00087A
i2_putch                                  text45       0013C6
i2_setMotorSpeed                          text37       001070
i2printf@ap                               cstackCOMRAM 00002A
i2printf@c                                cstackCOMRAM 00002C
i2printf@f                                cstackCOMRAM 000017
i2printf@flag                             cstackCOMRAM 000029
i2printf@prec                             cstackCOMRAM 000023
i2printf@val                              cstackCOMRAM 000025
i2putch@txData                            cstackCOMRAM 000002
i2setMotorSpeed@speed                     cstackCOMRAM 000001
int$flags                                 temp         000057
intlevel0                                 text         000000
intlevel1                                 text         000000
intlevel2                                 text         000000
intlevel3                                 text         000000
main@cmd                                  cstackBANK0  000095
main@cmd2                                 cstackBANK0  000092
main@pos                                  cstackBANK0  000090
main@speed                                cstackBANK0  000093
parseInt@position                         cstackBANK0  000063
printf@ap                                 cstackBANK0  000089
printf@c                                  cstackBANK0  00008B
printf@f                                  cstackBANK0  000076
printf@flag                               cstackBANK0  000088
printf@prec                               cstackBANK0  000082
printf@val                                cstackBANK0  000084
putch@txData                              cstackBANK0  000061
setMotorSpeed@speed                       cstackBANK0  000060
setPitchServo@pos                         cstackBANK0  000060
setYawServo@pos                           cstackBANK0  000060
stackhi                                   (abs)        000F37
stacklo                                   (abs)        0000B0
start                                     init         0000E8
start_initialization                      cinit        000EA6
wtemp6                                    temp         000058


FUNCTION INFORMATION:

 *************** function _main *****************
 Defined at:
		line 62 in file "main.c"
 Parameters:    Size  Location     Type
		None
 Auto vars:     Size  Location     Type
  speed           2   51[BANK0 ] unsigned int 
  pos             2   48[BANK0 ] unsigned int 
  cmd             1   53[BANK0 ] unsigned char 
  cmd2            1   50[BANK0 ] unsigned char 
 Return value:  Size  Location     Type
                  1    wreg      void 
 Registers used:
		wreg, fsr2l, fsr2h, status,2, status,0, tblptrl, tblptrh, tblptru, prodl, prodh, cstack
 Tracked objects:
		On entry : 
		On exit  : 
		Unchanged: 
 Data sizes:     COMRAM   BANK0   BANK1   BANK2   BANK3   BANK4   BANK5   BANK6   BANK7   BANK8   BANK9  BANK10  BANK11  BANK12  BANK13  BANK14  BANK15
      Params:         0       0       0       0       0       0       0       0       0       0       0       0       0       0       0       0       0
      Locals:         0       6       0       0       0       0       0       0       0       0       0       0       0       0       0       0       0
      Temps:          0       4       0       0       0       0       0       0       0       0       0       0       0       0       0       0       0
      Totals:         0      10       0       0       0       0       0       0       0       0       0       0       0       0       0       0       0
Total ram usage:       10 bytes
 Hardware stack levels required when called:    9
 This function calls:
		_EUSART1_Read
		_EUSART1_is_rx_ready
		_EUSART2_Read
		_EUSART2_is_rx_ready
		_SYSTEM_Initialize
		_parseInt
		_printf
		_setMotorSpeed
		_setPitchServo
		_setYawServo
 This function is called by:
		Startup code after reset
 This function uses a non-reentrant model


 *************** function _setYawServo *****************
 Defined at:
		line 217 in file "main.c"
 Parameters:    Size  Location     Type
  pos             2    0[BANK0 ] unsigned int 
 Auto vars:     Size  Location     Type
		None
 Return value:  Size  Location     Type
                  1    wreg      void 
 Registers used:
		wreg, status,2, status,0
 Tracked objects:
		On entry : 
		On exit  : 
		Unchanged: 
 Data sizes:     COMRAM   BANK0   BANK1   BANK2   BANK3   BANK4   BANK5   BANK6   BANK7   BANK8   BANK9  BANK10  BANK11  BANK12  BANK13  BANK14  BANK15
      Params:         0       2       0       0       0       0       0       0       0       0       0       0       0       0       0       0       0
      Locals:         0       0       0       0       0       0       0       0       0       0       0       0       0       0       0       0       0
      Temps:          0       0       0       0       0       0       0       0       0       0       0       0       0       0       0       0       0
      Totals:         0       2       0       0       0       0       0       0       0       0       0       0       0       0       0       0       0
Total ram usage:        2 bytes
 Hardware stack levels used:    1
 Hardware stack levels required when called:    6
 This function calls:
		Nothing
 This function is called by:
		_main
 This function uses a non-reentrant model


 *************** function _setPitchServo *****************
 Defined at:
		line 228 in file "main.c"
 Parameters:    Size  Location     Type
  pos             2    0[BANK0 ] unsigned int 
 Auto vars:     Size  Location     Type
		None
 Return value:  Size  Location     Type
                  1    wreg      void 
 Registers used:
		wreg, status,2, status,0
 Tracked objects:
		On entry : 
		On exit  : 
		Unchanged: 
 Data sizes:     COMRAM   BANK0   BANK1   BANK2   BANK3   BANK4   BANK5   BANK6   BANK7   BANK8   BANK9  BANK10  BANK11  BANK12  BANK13  BANK14  BANK15
      Params:         0       2       0       0       0       0       0       0       0       0       0       0       0       0       0       0       0
      Locals:         0       0       0       0       0       0       0       0       0       0       0       0       0       0       0       0       0
      Temps:          0       0       0       0       0       0       0       0       0       0       0       0       0       0       0       0       0
      Totals:         0       2       0       0       0       0       0       0       0       0       0       0       0       0       0       0       0
Total ram usage:        2 bytes
 Hardware stack levels used:    1
 Hardware stack levels required when called:    6
 This function calls:
		Nothing
 This function is called by:
		_main
 This function uses a non-reentrant model


 *************** function _setMotorSpeed *****************
 Defined at:
		line 239 in file "main.c"
 Parameters:    Size  Location     Type
  speed           2    0[BANK0 ] unsigned int 
 Auto vars:     Size  Location     Type
		None
 Return value:  Size  Location     Type
                  1    wreg      void 
 Registers used:
		wreg, status,2, status,0
 Tracked objects:
		On entry : 
		On exit  : 
		Unchanged: 
 Data sizes:     COMRAM   BANK0   BANK1   BANK2   BANK3   BANK4   BANK5   BANK6   BANK7   BANK8   BANK9  BANK10  BANK11  BANK12  BANK13  BANK14  BANK15
      Params:         0       2       0       0       0       0       0       0       0       0       0       0       0       0       0       0       0
      Locals:         0       0       0       0       0       0       0       0       0       0       0       0       0       0       0       0       0
      Temps:          0       0       0       0       0       0       0       0       0       0       0       0       0       0       0       0       0
      Totals:         0       2       0       0       0       0       0       0       0       0       0       0       0       0       0       0       0
Total ram usage:        2 bytes
 Hardware stack levels used:    1
 Hardware stack levels required when called:    6
 This function calls:
		Nothing
 This function is called by:
		_main
 This function uses a non-reentrant model


 *************** function _printf *****************
 Defined at:
		line 464 in file "C:\Program Files (x86)\Microchip\xc8\v1.45\sources\common\doprnt.c"
 Parameters:    Size  Location     Type
  f               2   22[BANK0 ] PTR const unsigned char 
		 -> STR_35(14), STR_34(32), STR_33(1), STR_32(1), 
		 -> STR_31(1), STR_30(17), STR_29(21), STR_28(27), 
		 -> STR_27(5), STR_26(5), STR_25(39), STR_24(35), 
		 -> STR_23(35), STR_22(31), STR_21(31), STR_20(38), 
		 -> STR_19(38), STR_18(14), STR_17(19), STR_16(33), 
		 -> STR_15(37), STR_14(37), STR_13(37), STR_12(37), 
		 -> STR_11(22), STR_10(21), STR_9(19), STR_8(21), 
		 -> STR_7(40), STR_6(40), STR_5(27), STR_4(27), 
		 -> STR_3(43), STR_2(34), STR_1(32), 
 Auto vars:     Size  Location     Type
  val             4   36[BANK0 ] unsigned long 
  tmpval          4    0        struct .
  cp              3    0        PTR const unsigned char 
  ap              2   41[BANK0 ] PTR void [1]
		 -> ?i2_printf(2), ?_printf(2), 
  prec            2   34[BANK0 ] int 
  len             2    0        unsigned int 
  c               1   43[BANK0 ] char 
  flag            1   40[BANK0 ] unsigned char 
 Return value:  Size  Location     Type
                  2   22[BANK0 ] int 
 Registers used:
		wreg, fsr2l, fsr2h, status,2, status,0, tblptrl, tblptrh, tblptru, prodl, prodh, cstack
 Tracked objects:
		On entry : 
		On exit  : 
		Unchanged: 
 Data sizes:     COMRAM   BANK0   BANK1   BANK2   BANK3   BANK4   BANK5   BANK6   BANK7   BANK8   BANK9  BANK10  BANK11  BANK12  BANK13  BANK14  BANK15
      Params:         0      10       0       0       0       0       0       0       0       0       0       0       0       0       0       0       0
      Locals:         0      10       0       0       0       0       0       0       0       0       0       0       0       0       0       0       0
      Temps:          0       2       0       0       0       0       0       0       0       0       0       0       0       0       0       0       0
      Totals:         0      22       0       0       0       0       0       0       0       0       0       0       0       0       0       0       0
Total ram usage:       22 bytes
 Hardware stack levels used:    1
 Hardware stack levels required when called:    8
 This function calls:
		___lldiv
		___llmod
		_putch
 This function is called by:
		_main
 This function uses a non-reentrant model


 *************** function _putch *****************
 Defined at:
		line 125 in file "mcc_generated_files/eusart2.c"
 Parameters:    Size  Location     Type
  txData          1    wreg     unsigned char 
 Auto vars:     Size  Location     Type
  txData          1    1[BANK0 ] unsigned char 
 Return value:  Size  Location     Type
                  1    wreg      void 
 Registers used:
		wreg, status,2, cstack
 Tracked objects:
		On entry : 
		On exit  : 
		Unchanged: 
 Data sizes:     COMRAM   BANK0   BANK1   BANK2   BANK3   BANK4   BANK5   BANK6   BANK7   BANK8   BANK9  BANK10  BANK11  BANK12  BANK13  BANK14  BANK15
      Params:         0       0       0       0       0       0       0       0       0       0       0       0       0       0       0       0       0
      Locals:         0       1       0       0       0       0       0       0       0       0       0       0       0       0       0       0       0
      Temps:          0       0       0       0       0       0       0       0       0       0       0       0       0       0       0       0       0
      Totals:         0       1       0       0       0       0       0       0       0       0       0       0       0       0       0       0       0
Total ram usage:        1 bytes
 Hardware stack levels used:    1
 Hardware stack levels required when called:    7
 This function calls:
		_EUSART2_Write
 This function is called by:
		_printf
 This function uses a non-reentrant model


 *************** function _EUSART2_Write *****************
 Defined at:
		line 111 in file "mcc_generated_files/eusart2.c"
 Parameters:    Size  Location     Type
  txData          1    wreg     unsigned char 
 Auto vars:     Size  Location     Type
  txData          1    0[BANK0 ] unsigned char 
 Return value:  Size  Location     Type
                  1    wreg      void 
 Registers used:
		wreg
 Tracked objects:
		On entry : 
		On exit  : 
		Unchanged: 
 Data sizes:     COMRAM   BANK0   BANK1   BANK2   BANK3   BANK4   BANK5   BANK6   BANK7   BANK8   BANK9  BANK10  BANK11  BANK12  BANK13  BANK14  BANK15
      Params:         0       0       0       0       0       0       0       0       0       0       0       0       0       0       0       0       0
      Locals:         0       1       0       0       0       0       0       0       0       0       0       0       0       0       0       0       0
      Temps:          0       0       0       0       0       0       0       0       0       0       0       0       0       0       0       0       0
      Totals:         0       1       0       0       0       0       0       0       0       0       0       0       0       0       0       0       0
Total ram usage:        1 bytes
 Hardware stack levels used:    1
 Hardware stack levels required when called:    6
 This function calls:
		Nothing
 This function is called by:
		_putch
 This function uses a non-reentrant model


 *************** function ___llmod *****************
 Defined at:
		line 8 in file "C:\Program Files (x86)\Microchip\xc8\v1.45\sources\common\llmod.c"
 Parameters:    Size  Location     Type
  dividend        4   13[BANK0 ] unsigned long 
  divisor         4   17[BANK0 ] unsigned long 
 Auto vars:     Size  Location     Type
  counter         1   21[BANK0 ] unsigned char 
 Return value:  Size  Location     Type
                  4   13[BANK0 ] unsigned long 
 Registers used:
		wreg, status,2, status,0
 Tracked objects:
		On entry : 
		On exit  : 
		Unchanged: 
 Data sizes:     COMRAM   BANK0   BANK1   BANK2   BANK3   BANK4   BANK5   BANK6   BANK7   BANK8   BANK9  BANK10  BANK11  BANK12  BANK13  BANK14  BANK15
      Params:         0       8       0       0       0       0       0       0       0       0       0       0       0       0       0       0       0
      Locals:         0       1       0       0       0       0       0       0       0       0       0       0       0       0       0       0       0
      Temps:          0       0       0       0       0       0       0       0       0       0       0       0       0       0       0       0       0
      Totals:         0       9       0       0       0       0       0       0       0       0       0       0       0       0       0       0       0
Total ram usage:        9 bytes
 Hardware stack levels used:    1
 Hardware stack levels required when called:    6
 This function calls:
		Nothing
 This function is called by:
		_printf
 This function uses a non-reentrant model


 *************** function ___lldiv *****************
 Defined at:
		line 8 in file "C:\Program Files (x86)\Microchip\xc8\v1.45\sources\common\lldiv.c"
 Parameters:    Size  Location     Type
  dividend        4    0[BANK0 ] unsigned long 
  divisor         4    4[BANK0 ] unsigned long 
 Auto vars:     Size  Location     Type
  quotient        4    8[BANK0 ] unsigned long 
  counter         1   12[BANK0 ] unsigned char 
 Return value:  Size  Location     Type
                  4    0[BANK0 ] unsigned long 
 Registers used:
		wreg, status,2, status,0
 Tracked objects:
		On entry : 
		On exit  : 
		Unchanged: 
 Data sizes:     COMRAM   BANK0   BANK1   BANK2   BANK3   BANK4   BANK5   BANK6   BANK7   BANK8   BANK9  BANK10  BANK11  BANK12  BANK13  BANK14  BANK15
      Params:         0       8       0       0       0       0       0       0       0       0       0       0       0       0       0       0       0
      Locals:         0       5       0       0       0       0       0       0       0       0       0       0       0       0       0       0       0
      Temps:          0       0       0       0       0       0       0       0       0       0       0       0       0       0       0       0       0
      Totals:         0      13       0       0       0       0       0       0       0       0       0       0       0       0       0       0       0
Total ram usage:       13 bytes
 Hardware stack levels used:    1
 Hardware stack levels required when called:    6
 This function calls:
		Nothing
 This function is called by:
		_printf
 This function uses a non-reentrant model


 *************** function _parseInt *****************
 Defined at:
		line 253 in file "main.c"
 Parameters:    Size  Location     Type
		None
 Auto vars:     Size  Location     Type
  position        2    3[BANK0 ] unsigned int 
 Return value:  Size  Location     Type
                  2    0[BANK0 ] unsigned int 
 Registers used:
		wreg, status,2, status,0, cstack
 Tracked objects:
		On entry : 
		On exit  : 
		Unchanged: 
 Data sizes:     COMRAM   BANK0   BANK1   BANK2   BANK3   BANK4   BANK5   BANK6   BANK7   BANK8   BANK9  BANK10  BANK11  BANK12  BANK13  BANK14  BANK15
      Params:         0       2       0       0       0       0       0       0       0       0       0       0       0       0       0       0       0
      Locals:         0       2       0       0       0       0       0       0       0       0       0       0       0       0       0       0       0
      Temps:          0       1       0       0       0       0       0       0       0       0       0       0       0       0       0       0       0
      Totals:         0       5       0       0       0       0       0       0       0       0       0       0       0       0       0       0       0
Total ram usage:        5 bytes
 Hardware stack levels used:    1
 Hardware stack levels required when called:    7
 This function calls:
		_EUSART1_Read
		_EUSART1_is_rx_ready
 This function is called by:
		_main
 This function uses a non-reentrant model


 *************** function _EUSART1_is_rx_ready *****************
 Defined at:
		line 83 in file "mcc_generated_files/eusart1.c"
 Parameters:    Size  Location     Type
		None
 Auto vars:     Size  Location     Type
		None
 Return value:  Size  Location     Type
                  1    wreg      unsigned char 
 Registers used:
		wreg
 Tracked objects:
		On entry : 
		On exit  : 
		Unchanged: 
 Data sizes:     COMRAM   BANK0   BANK1   BANK2   BANK3   BANK4   BANK5   BANK6   BANK7   BANK8   BANK9  BANK10  BANK11  BANK12  BANK13  BANK14  BANK15
      Params:         0       0       0       0       0       0       0       0       0       0       0       0       0       0       0       0       0
      Locals:         0       0       0       0       0       0       0       0       0       0       0       0       0       0       0       0       0
      Temps:          0       0       0       0       0       0       0       0       0       0       0       0       0       0       0       0       0
      Totals:         0       0       0       0       0       0       0       0       0       0       0       0       0       0       0       0       0
Total ram usage:        0 bytes
 Hardware stack levels used:    1
 Hardware stack levels required when called:    6
 This function calls:
		Nothing
 This function is called by:
		_main
		_parseInt
 This function uses a non-reentrant model


 *************** function _EUSART1_Read *****************
 Defined at:
		line 93 in file "mcc_generated_files/eusart1.c"
 Parameters:    Size  Location     Type
		None
 Auto vars:     Size  Location     Type
		None
 Return value:  Size  Location     Type
                  1    wreg      unsigned char 
 Registers used:
		wreg, status,2
 Tracked objects:
		On entry : 
		On exit  : 
		Unchanged: 
 Data sizes:     COMRAM   BANK0   BANK1   BANK2   BANK3   BANK4   BANK5   BANK6   BANK7   BANK8   BANK9  BANK10  BANK11  BANK12  BANK13  BANK14  BANK15
      Params:         0       0       0       0       0       0       0       0       0       0       0       0       0       0       0       0       0
      Locals:         0       0       0       0       0       0       0       0       0       0       0       0       0       0       0       0       0
      Temps:          0       0       0       0       0       0       0       0       0       0       0       0       0       0       0       0       0
      Totals:         0       0       0       0       0       0       0       0       0       0       0       0       0       0       0       0       0
Total ram usage:        0 bytes
 Hardware stack levels used:    1
 Hardware stack levels required when called:    6
 This function calls:
		Nothing
 This function is called by:
		_main
		_parseInt
 This function uses a non-reentrant model


 *************** function _SYSTEM_Initialize *****************
 Defined at:
		line 50 in file "mcc_generated_files/mcc.c"
 Parameters:    Size  Location     Type
		None
[...]
		i2_printf
 This function is called by:
		_TMR0_Initialize
		_TMR0_ISR
 This function uses a non-reentrant model


 *************** function i2_printf *****************
 Defined at:
		line 464 in file "C:\Program Files (x86)\Microchip\xc8\v1.45\sources\common\doprnt.c"
 Parameters:    Size  Location     Type
  f               2   22[COMRAM] PTR const unsigned char 
		 -> STR_35(14), STR_34(32), STR_33(1), STR_32(1), 
		 -> STR_31(1), STR_30(17), STR_29(21), STR_28(27), 
		 -> STR_27(5), STR_26(5), STR_25(39), STR_24(35), 
		 -> STR_23(35), STR_22(31), STR_21(31), STR_20(38), 
		 -> STR_19(38), STR_18(14), STR_17(19), STR_16(33), 
		 -> STR_15(37), STR_14(37), STR_13(37), STR_12(37), 
		 -> STR_11(22), STR_10(21), STR_9(19), STR_8(21), 
		 -> STR_7(40), STR_6(40), STR_5(27), STR_4(27), 
		 -> STR_3(43), STR_2(34), STR_1(32), 
 Auto vars:     Size  Location     Type
  printf          4   36[COMRAM] unsigned long 
  printf          4    0        struct .
  printf          3    0        PTR const unsigned char 
  printf          2   41[COMRAM] PTR void [1]
		 -> ?i2_printf(2), ?_printf(2), 
  printf          2   34[COMRAM] int 
  printf          2    0        unsigned int 
  printf          1   43[COMRAM] char 
  printf          1   40[COMRAM] unsigned char 
 Return value:  Size  Location     Type
                  2   22[COMRAM] int 
 Registers used:
		wreg, fsr2l, fsr2h, status,2, status,0, tblptrl, tblptrh, tblptru, prodl, prodh, cstack
 Tracked objects:
		On entry : 
		On exit  : 
		Unchanged: 
 Data sizes:     COMRAM   BANK0   BANK1   BANK2   BANK3   BANK4   BANK5   BANK6   BANK7   BANK8   BANK9  BANK10  BANK11  BANK12  BANK13  BANK14  BANK15
      Params:        10       0       0       0       0       0       0       0       0       0       0       0       0       0       0       0       0
      Locals:        10       0       0       0       0       0       0       0       0       0       0       0       0       0       0       0       0
      Temps:          2       0       0       0       0       0       0       0       0       0       0       0       0       0       0       0       0
      Totals:        22       0       0       0       0       0       0       0       0       0       0       0       0       0       0       0       0
Total ram usage:       22 bytes
 Hardware stack levels used:    1
 Hardware stack levels required when called:    2
 This function calls:
		i2___lldiv
		i2___llmod
		i2_putch
 This function is called by:
		_TMR0_DefaultInterruptHandler
 This function uses a non-reentrant model


 *************** function i2_putch *****************
 Defined at:
		line 125 in file "mcc_generated_files/eusart2.c"
 Parameters:    Size  Location     Type
  txData          1    wreg     unsigned char 
 Auto vars:     Size  Location     Type
  txData          1    1[COMRAM] unsigned char 
 Return value:  Size  Location     Type
                  1    wreg      void 
 Registers used:
		wreg, status,2, cstack
 Tracked objects:
		On entry : 
		On exit  : 
		Unchanged: 
 Data sizes:     COMRAM   BANK0   BANK1   BANK2   BANK3   BANK4   BANK5   BANK6   BANK7   BANK8   BANK9  BANK10  BANK11  BANK12  BANK13  BANK14  BANK15
      Params:         0       0       0       0       0       0       0       0       0       0       0       0       0       0       0       0       0
      Locals:         1       0       0       0       0       0       0       0       0       0       0       0       0       0       0       0       0
      Temps:          0       0       0       0       0       0       0       0       0       0       0       0       0       0       0       0       0
      Totals:         1       0       0       0       0       0       0       0       0       0       0       0       0       0       0       0       0
Total ram usage:        1 bytes
 Hardware stack levels used:    1
 Hardware stack levels required when called:    1
 This function calls:
		i2_EUSART2_Write
 This function is called by:
		i2_printf
 This function uses a non-reentrant model


 *************** function i2_EUSART2_Write *****************
 Defined at:
		line 111 in file "mcc_generated_files/eusart2.c"
 Parameters:    Size  Location     Type
  txData          1    wreg     unsigned char 
 Auto vars:     Size  Location     Type
  txData          1    0[COMRAM] unsigned char 
 Return value:  Size  Location     Type
                  1    wreg      void 
 Registers used:
		wreg
 Tracked objects:
		On entry : 
		On exit  : 
		Unchanged: 
 Data sizes:     COMRAM   BANK0   BANK1   BANK2   BANK3   BANK4   BANK5   BANK6   BANK7   BANK8   BANK9  BANK10  BANK11  BANK12  BANK13  BANK14  BANK15
      Params:         0       0       0       0       0       0       0       0       0       0       0       0       0       0       0       0       0
      Locals:         1       0       0       0       0       0       0       0       0       0       0       0       0       0       0       0       0
      Temps:          0       0       0       0       0       0       0       0       0       0       0       0       0       0       0       0       0
      Totals:         1       0       0       0       0       0       0       0       0       0       0       0       0       0       0       0       0
Total ram usage:        1 bytes
 Hardware stack levels used:    1
 This function calls:
		Nothing
 This function is called by:
		i2_putch
 This function uses a non-reentrant model


 *************** function i2___llmod *****************
 Defined at:
		line 8 in file "C:\Program Files (x86)\Microchip\xc8\v1.45\sources\common\llmod.c"
 Parameters:    Size  Location     Type
  dividend        4   13[COMRAM] unsigned long 
  divisor         4   17[COMRAM] unsigned long 
 Auto vars:     Size  Location     Type
  __llmod         1   21[COMRAM] unsigned char 
 Return value:  Size  Location     Type
                  4   13[COMRAM] unsigned long 
 Registers used:
		wreg, status,2, status,0
 Tracked objects:
		On entry : 
		On exit  : 
		Unchanged: 
 Data sizes:     COMRAM   BANK0   BANK1   BANK2   BANK3   BANK4   BANK5   BANK6   BANK7   BANK8   BANK9  BANK10  BANK11  BANK12  BANK13  BANK14  BANK15
      Params:         8       0       0       0       0       0       0       0       0       0       0       0       0       0       0       0       0
      Locals:         1       0       0       0       0       0       0       0       0       0       0       0       0       0       0       0       0
      Temps:          0       0       0       0       0       0       0       0       0       0       0       0       0       0       0       0       0
      Totals:         9       0       0       0       0       0       0       0       0       0       0       0       0       0       0       0       0
Total ram usage:        9 bytes
 Hardware stack levels used:    1
 This function calls:
		Nothing
 This function is called by:
		i2_printf
 This function uses a non-reentrant model


 *************** function i2___lldiv *****************
 Defined at:
		line 8 in file "C:\Program Files (x86)\Microchip\xc8\v1.45\sources\common\lldiv.c"
 Parameters:    Size  Location     Type
  dividend        4    0[COMRAM] unsigned long 
  divisor         4    4[COMRAM] unsigned long 
 Auto vars:     Size  Location     Type
  __lldiv         4    8[COMRAM] unsigned long 
  __lldiv         1   12[COMRAM] unsigned char 
 Return value:  Size  Location     Type
                  4    0[COMRAM] unsigned long 
 Registers used:
		wreg, status,2, status,0
 Tracked objects:
		On entry : 
		On exit  : 
		Unchanged: 
 Data sizes:     COMRAM   BANK0   BANK1   BANK2   BANK3   BANK4   BANK5   BANK6   BANK7   BANK8   BANK9  BANK10  BANK11  BANK12  BANK13  BANK14  BANK15
      Params:         8       0       0       0       0       0       0       0       0       0       0       0       0       0       0       0       0
      Locals:         5       0       0       0       0       0       0       0       0       0       0       0       0       0       0       0       0
      Temps:          0       0       0       0       0       0       0       0       0       0       0       0       0       0       0       0       0
      Totals:        13       0       0       0       0       0       0       0       0       0       0       0       0       0       0       0       0
Total ram usage:       13 bytes
 Hardware stack levels used:    1
 This function calls:
		Nothing
 This function is called by:
		i2_printf
 This function uses a non-reentrant model


 *************** function _TMR0_WriteTimer *****************
 Defined at:
		line 122 in file "mcc_generated_files/tmr0.c"
 Parameters:    Size  Location     Type
  timerVal        2    0[COMRAM] unsigned int 
 Auto vars:     Size  Location     Type
		None
 Return value:  Size  Location     Type
                  1    wreg      void 
 Registers used:
		wreg, status,2
 Tracked objects:
		On entry : 
		On exit  : 
		Unchanged: 
 Data sizes:     COMRAM   BANK0   BANK1   BANK2   BANK3   BANK4   BANK5   BANK6   BANK7   BANK8   BANK9  BANK10  BANK11  BANK12  BANK13  BANK14  BANK15
      Params:         2       0       0       0       0       0       0       0       0       0       0       0       0       0       0       0       0
      Locals:         0       0       0       0       0       0       0       0       0       0       0       0       0       0       0       0       0
      Temps:          0       0       0       0       0       0       0       0       0       0       0       0       0       0       0       0       0
      Totals:         2       0       0       0       0       0       0       0       0       0       0       0       0       0       0       0       0
Total ram usage:        2 bytes
 Hardware stack levels used:    1
 This function calls:
		Nothing
 This function is called by:
		_TMR0_DefaultInterruptHandler
 This function uses a non-reentrant model


 *************** function _CCP5_CaptureISR *****************
 Defined at:
		line 81 in file "mcc_generated_files/ccp5.c"
 Parameters:    Size  Location     Type
		None
 Auto vars:     Size  Location     Type
  module          2    2[COMRAM] struct CCPR5Reg_tag
 Return value:  Size  Location     Type
                  1    wreg      void 
 Registers used:
		wreg, status,2, status,0, cstack
 Tracked objects:
		On entry : 
		On exit  : 
		Unchanged: 
 Data sizes:     COMRAM   BANK0   BANK1   BANK2   BANK3   BANK4   BANK5   BANK6   BANK7   BANK8   BANK9  BANK10  BANK11  BANK12  BANK13  BANK14  BANK15
      Params:         0       0       0       0       0       0       0       0       0       0       0       0       0       0       0       0       0
      Locals:         2       0       0       0       0       0       0       0       0       0       0       0       0       0       0       0       0
      Temps:          0       0       0       0       0       0       0       0       0       0       0       0       0       0       0       0       0
      Totals:         2       0       0       0       0       0       0       0       0       0       0       0       0       0       0       0       0
Total ram usage:        2 bytes
 Hardware stack levels used:    1
 Hardware stack levels required when called:    1
 This function calls:
		_CCP5_CallBack
 This function is called by:
		_INTERRUPT_InterruptManager
 This function uses a non-reentrant model


 *************** function _CCP5_CallBack *****************
 Defined at:
		line 369 in file "main.c"
 Parameters:    Size  Location     Type
  capturedValu    2    0[COMRAM] unsigned int 
 Auto vars:     Size  Location     Type
		None
 Return value:  Size  Location     Type
                  1    wreg      void 
 Registers used:
		wreg, status,2, status,0
 Tracked objects:
		On entry : 
		On exit  : 
		Unchanged: 
 Data sizes:     COMRAM   BANK0   BANK1   BANK2   BANK3   BANK4   BANK5   BANK6   BANK7   BANK8   BANK9  BANK10  BANK11  BANK12  BANK13  BANK14  BANK15
      Params:         2       0       0       0       0       0       0       0       0       0       0       0       0       0       0       0       0
      Locals:         0       0       0       0       0       0       0       0       0       0       0       0       0       0       0       0       0
      Temps:          0       0       0       0       0       0       0       0       0       0       0       0       0       0       0       0       0
      Totals:         2       0       0       0       0       0       0       0       0       0       0       0       0       0       0       0       0
Total ram usage:        2 bytes
 Hardware stack levels used:    1
 This function calls:
		Nothing
 This function is called by:
		_CCP5_CaptureISR
 This function uses a non-reentrant model


 *************** function _CCP4_CaptureISR *****************
 Defined at:
		line 81 in file "mcc_generated_files/ccp4.c"
 Parameters:    Size  Location     Type
		None
 Auto vars:     Size  Location     Type
  module          2    2[COMRAM] struct CCPR4Reg_tag
 Return value:  Size  Location     Type
                  1    wreg      void 
 Registers used:
		wreg, status,2, status,0, cstack
 Tracked objects:
		On entry : 
		On exit  : 
		Unchanged: 
 Data sizes:     COMRAM   BANK0   BANK1   BANK2   BANK3   BANK4   BANK5   BANK6   BANK7   BANK8   BANK9  BANK10  BANK11  BANK12  BANK13  BANK14  BANK15
      Params:         0       0       0       0       0       0       0       0       0       0       0       0       0       0       0       0       0
      Locals:         2       0       0       0       0       0       0       0       0       0       0       0       0       0       0       0       0
      Temps:          0       0       0       0       0       0       0       0       0       0       0       0       0       0       0       0       0
      Totals:         2       0       0       0       0       0       0       0       0       0       0       0       0       0       0       0       0
Total ram usage:        2 bytes
 Hardware stack levels used:    1
 Hardware stack levels required when called:    1
 This function calls:
		_CCP4_CallBack
 This function is called by:
		_INTERRUPT_InterruptManager
 This function uses a non-reentrant model


 *************** function _CCP4_CallBack *****************
 Defined at:
		line 348 in file "main.c"
 Parameters:    Size  Location     Type
  capturedValu    2    0[COMRAM] unsigned int 
 Auto vars:     Size  Location     Type
		None
 Return value:  Size  Location     Type
                  1    wreg      void 
 Registers used:
		wreg, status,2, status,0
 Tracked objects:
		On entry : 
		On exit  : 
		Unchanged: 
 Data sizes:     COMRAM   BANK0   BANK1   BANK2   BANK3   BANK4   BANK5   BANK6   BANK7   BANK8   BANK9  BANK10  BANK11  BANK12  BANK13  BANK14  BANK15
      Params:         2       0       0       0       0       0       0       0       0       0       0       0       0       0       0       0       0
      Locals:         0       0       0       0       0       0       0       0       0       0       0       0       0       0       0       0       0
      Temps:          0       0       0       0       0       0       0       0       0       0       0       0       0       0       0       0       0
      Totals:         2       0       0       0       0       0       0       0       0       0       0       0       0       0       0       0       0
Total ram usage:        2 bytes
 Hardware stack levels used:    1
 This function calls:
		Nothing
 This function is called by:
		_CCP4_CaptureISR
 This function uses a non-reentrant model



MODULE INFORMATION

Module		Function		Class		Link	Load	Size
mcc_generated_files/eusart2.c
		_putch         		CODE           	135E	0000	15
		_EUSART2_Read  		CODE           	1340	0000	17
		_EUSART2_Write 		CODE           	136C	0000	15
		_EUSART2_is_rx_ready		CODE           	1386	0000	13
		_EUSART2_Initialize		CODE           	12F2	0000	23

mcc_generated_files/eusart2.c estimated size: 83

C:\Program Files (x86)\Microchip\xc8\v1.45\sources\common\doprnt.c
		_printf        		CODE           	0638	0000	579

C:\Program Files (x86)\Microchip\xc8\v1.45\sources\common\doprnt.c estimated size: 579

mcc_generated_files/tmr2.c
		_TMR2_ISR      		CODE           	11F6	0000	33
		_TMR2_Initialize		CODE           	1216	0000	31
		_TMR2_SetInterruptHandler		CODE           	13A8	0000	11
		_TMR2_WriteTimer		CODE           	13DA	0000	9

mcc_generated_files/tmr2.c estimated size: 84

mcc_generated_files/interrupt_manager.c
		_INTERRUPT_Initialize		CODE           	13E2	0000	5
		_INTERRUPT_InterruptManager		CODE           	0008	0000	225

mcc_generated_files/interrupt_manager.c estimated size: 230

mcc_generated_files/tmr0.c
		_TMR0_SetInterruptHandler		CODE           	13BC	0000	11
		_TMR0_WriteTimer		CODE           	13D0	0000	11
		_TMR0_ISR      		CODE           	1184	0000	41
		_TMR0_Initialize		CODE           	0F6C	0000	55

mcc_generated_files/tmr0.c estimated size: 118

mcc_generated_files/pin_manager.c
		_PIN_MANAGER_Initialize		CODE           	10D2	0000	47

mcc_generated_files/pin_manager.c estimated size: 47

mcc_generated_files/ccp4.c
		_CCP4_CaptureISR		CODE           	12DA	0000	25
		_CCP4_Initialize		CODE           	128A	0000	29

mcc_generated_files/ccp4.c estimated size: 54

C:\Program Files (x86)\Microchip\xc8\v1.45\sources\common\llmod.c
		___llmod       		CODE           	0D86	0000	105

C:\Program Files (x86)\Microchip\xc8\v1.45\sources\common\llmod.c estimated size: 105

mcc_generated_files/tmr5.c
		_TMR5_ISR      		CODE           	112C	0000	45
		_TMR5_Initialize		CODE           	10A2	0000	49
		_TMR5_SetInterruptHandler		CODE           	139E	0000	11
		_TMR5_WriteTimer		CODE           	1234	0000	31

mcc_generated_files/tmr5.c estimated size: 136

shared
		i2_printf      		CODE           	087A	0000	563
		i2_putch       		CODE           	13C6	0000	11
		_dpowers       		MEDIUMCONST    	FC4B	0000	41
		i2___lldiv     		CODE           	0C90	0000	131
		__initialization		CODE           	0EA6	0000	57
		i2_EUSART2_Write		CODE           	1392	0000	13
		i2_setMotorSpeed		CODE           	1070	0000	51
		i2___llmod     		CODE           	0DEE	0000	103

shared estimated size: 970

mcc_generated_files/eusart1.c
		_EUSART1_is_rx_ready		CODE           	137A	0000	13
		_EUSART1_Initialize		CODE           	1308	0000	23
		_EUSART1_Read  		CODE           	1330	0000	17

mcc_generated_files/eusart1.c estimated size: 53

mcc_generated_files/mcc.c
		_OSCILLATOR_Initialize		CODE           	131E	0000	19
		_SYSTEM_Initialize		CODE           	103E	0000	51

mcc_generated_files/mcc.c estimated size: 70

mcc_generated_files/tmr3.c
		_TMR3_Initialize		CODE           	1252	0000	29

mcc_generated_files/tmr3.c estimated size: 29

mcc_generated_files/tmr1.c
		_TMR1_Initialize		CODE           	1100	0000	45
		_TMR1_SetInterruptHandler		CODE           	13B2	0000	11
		_TMR1_WriteTimer		CODE           	12A6	0000	29
		_TMR1_ISR      		CODE           	1158	0000	45

mcc_generated_files/tmr1.c estimated size: 130

C:\Program Files (x86)\Microchip\xc8\v1.45\sources\common\lldiv.c
		___lldiv       		CODE           	0C0C	0000	133

C:\Program Files (x86)\Microchip\xc8\v1.45\sources\common\lldiv.c estimated size: 133

mcc_generated_files/ccp5.c
		_CCP5_CaptureISR		CODE           	12C2	0000	25
		_CCP5_Initialize		CODE           	126E	0000	29

mcc_generated_files/ccp5.c estimated size: 54

main.c
		_main          		CODE           	00EC	0000	1357
		_parseInt      		CODE           	11D4	0000	35
		_CCP4_CallBack 		CODE           	0E54	0000	83
		_CCP5_CallBack 		CODE           	11AC	0000	41
		_TMR0_DefaultInterruptHandler		CODE           	0D12	0000	117
		_setPitchServo 		CODE           	0FD6	0000	53
		_TMR1_DefaultInterruptHandler		CODE           	0F2A	0000	67
		_setMotorSpeed 		CODE           	100A	0000	53
		_TMR2_DefaultInterruptHandler		CODE           	0AAC	0000	353
		_setYawServo   		CODE           	0FA2	0000	53
		_TMR5_DefaultInterruptHandler		CODE           	0EE8	0000	67

main.c estimated size: 2279

